> Word: 'aaa' --> 9.894371032714844e-05 seconds 

Correct, word belongs to language

