LexToken(LETTER,'a',1,0)
LexToken(LETTER,'a',2,2)
LexToken(LETTER,'a',2,3)
LexToken(LETTER,'a',2,4)
LexToken(LETTER,'a',2,5)
LexToken(LETTER,'a',2,6)
LexToken(LETTER,'a',3,8)
LexToken(LETTER,'a',3,9)
LexToken(LETTER,'a',3,10)
LexToken(LETTER,'a',3,11)
LexToken(LETTER,'a',3,12)
LexToken(LETTER,'a',3,13)
LexToken(LETTER,'a',3,14)
LexToken(LETTER,'a',3,15)
LexToken(LETTER,'a',3,16)
LexToken(LETTER,'a',3,17)
LexToken(LETTER,'a',4,19)
LexToken(LETTER,'a',4,20)
LexToken(LETTER,'a',4,21)
LexToken(LETTER,'a',4,22)
LexToken(LETTER,'a',4,23)
LexToken(LETTER,'a',4,24)
LexToken(LETTER,'a',4,25)
LexToken(LETTER,'a',4,26)
LexToken(LETTER,'a',4,27)
LexToken(LETTER,'a',4,28)
LexToken(LETTER,'a',4,29)
LexToken(LETTER,'a',4,30)
LexToken(LETTER,'a',4,31)
LexToken(LETTER,'a',4,32)
LexToken(LETTER,'a',4,33)
LexToken(LETTER,'a',4,34)
LexToken(LETTER,'a',4,35)
LexToken(LETTER,'a',4,36)
LexToken(LETTER,'a',4,37)
LexToken(LETTER,'a',4,38)
LexToken(LETTER,'a',5,40)
LexToken(LETTER,'a',5,41)
LexToken(LETTER,'a',5,42)
LexToken(LETTER,'a',5,43)
LexToken(LETTER,'a',5,44)
LexToken(LETTER,'a',5,45)
LexToken(LETTER,'a',5,46)
LexToken(LETTER,'a',5,47)
LexToken(LETTER,'a',5,48)
LexToken(LETTER,'a',5,49)
LexToken(LETTER,'a',5,50)
LexToken(LETTER,'a',5,51)
LexToken(LETTER,'a',5,52)
LexToken(LETTER,'a',5,53)
LexToken(LETTER,'a',5,54)
LexToken(LETTER,'a',5,55)
LexToken(LETTER,'a',5,56)
LexToken(LETTER,'a',5,57)
LexToken(LETTER,'a',5,58)
LexToken(LETTER,'a',5,59)
LexToken(LETTER,'a',5,60)
LexToken(LETTER,'a',5,61)
LexToken(LETTER,'a',5,62)
LexToken(LETTER,'a',5,63)
LexToken(LETTER,'a',5,64)
LexToken(LETTER,'a',5,65)
LexToken(LETTER,'a',5,66)
LexToken(LETTER,'a',5,67)
LexToken(LETTER,'a',5,68)
LexToken(LETTER,'a',5,69)
LexToken(LETTER,'a',6,71)
LexToken(LETTER,'a',6,72)
LexToken(LETTER,'a',6,73)
LexToken(LETTER,'a',6,74)
LexToken(LETTER,'a',6,75)
LexToken(LETTER,'a',6,76)
LexToken(LETTER,'a',6,77)
LexToken(LETTER,'a',6,78)
LexToken(LETTER,'a',6,79)
LexToken(LETTER,'a',6,80)
LexToken(LETTER,'a',6,81)
LexToken(LETTER,'a',6,82)
LexToken(LETTER,'a',6,83)
LexToken(LETTER,'a',6,84)
LexToken(LETTER,'a',6,85)
LexToken(LETTER,'a',6,86)
LexToken(LETTER,'a',6,87)
LexToken(LETTER,'a',6,88)
LexToken(LETTER,'a',6,89)
LexToken(LETTER,'a',6,90)
LexToken(LETTER,'a',6,91)
LexToken(LETTER,'a',6,92)
LexToken(LETTER,'a',6,93)
LexToken(LETTER,'a',6,94)
LexToken(LETTER,'a',6,95)
LexToken(LETTER,'a',6,96)
LexToken(LETTER,'a',6,97)
LexToken(LETTER,'a',6,98)
LexToken(LETTER,'a',6,99)
LexToken(LETTER,'a',6,100)
LexToken(LETTER,'a',6,101)
LexToken(LETTER,'a',6,102)
LexToken(LETTER,'a',6,103)
LexToken(LETTER,'a',6,104)
LexToken(LETTER,'a',6,105)
LexToken(LETTER,'a',6,106)
LexToken(LETTER,'a',6,107)
LexToken(LETTER,'a',6,108)
LexToken(LETTER,'a',6,109)
LexToken(LETTER,'a',6,110)
LexToken(LETTER,'a',7,112)
LexToken(LETTER,'a',7,113)
LexToken(LETTER,'a',7,114)
LexToken(LETTER,'a',7,115)
LexToken(LETTER,'a',7,116)
LexToken(LETTER,'a',7,117)
LexToken(LETTER,'a',7,118)
LexToken(LETTER,'a',7,119)
LexToken(LETTER,'a',7,120)
LexToken(LETTER,'a',7,121)
LexToken(LETTER,'a',7,122)
LexToken(LETTER,'a',7,123)
LexToken(LETTER,'a',7,124)
LexToken(LETTER,'a',7,125)
LexToken(LETTER,'a',7,126)
LexToken(LETTER,'a',7,127)
LexToken(LETTER,'a',7,128)
LexToken(LETTER,'a',7,129)
LexToken(LETTER,'a',7,130)
LexToken(LETTER,'a',7,131)
LexToken(LETTER,'a',7,132)
LexToken(LETTER,'a',7,133)
LexToken(LETTER,'a',7,134)
LexToken(LETTER,'a',7,135)
LexToken(LETTER,'a',7,136)
LexToken(LETTER,'a',7,137)
LexToken(LETTER,'a',7,138)
LexToken(LETTER,'a',7,139)
LexToken(LETTER,'a',7,140)
LexToken(LETTER,'a',7,141)
LexToken(LETTER,'a',7,142)
LexToken(LETTER,'a',7,143)
LexToken(LETTER,'a',7,144)
LexToken(LETTER,'a',7,145)
LexToken(LETTER,'a',7,146)
LexToken(LETTER,'a',7,147)
LexToken(LETTER,'a',7,148)
LexToken(LETTER,'a',7,149)
LexToken(LETTER,'a',7,150)
LexToken(LETTER,'a',7,151)
LexToken(LETTER,'a',7,152)
LexToken(LETTER,'a',7,153)
LexToken(LETTER,'a',7,154)
LexToken(LETTER,'a',7,155)
LexToken(LETTER,'a',7,156)
LexToken(LETTER,'a',7,157)
LexToken(LETTER,'a',7,158)
LexToken(LETTER,'a',7,159)
LexToken(LETTER,'a',7,160)
LexToken(LETTER,'a',7,161)
LexToken(LETTER,'a',8,163)
LexToken(LETTER,'a',8,164)
LexToken(LETTER,'a',8,165)
LexToken(LETTER,'a',8,166)
LexToken(LETTER,'a',8,167)
LexToken(LETTER,'a',8,168)
LexToken(LETTER,'a',8,169)
LexToken(LETTER,'a',8,170)
LexToken(LETTER,'a',8,171)
LexToken(LETTER,'a',8,172)
LexToken(LETTER,'a',8,173)
LexToken(LETTER,'a',8,174)
LexToken(LETTER,'a',8,175)
LexToken(LETTER,'a',8,176)
LexToken(LETTER,'a',8,177)
LexToken(LETTER,'a',8,178)
LexToken(LETTER,'a',8,179)
LexToken(LETTER,'a',8,180)
LexToken(LETTER,'a',8,181)
LexToken(LETTER,'a',8,182)
LexToken(LETTER,'a',8,183)
LexToken(LETTER,'a',8,184)
LexToken(LETTER,'a',8,185)
LexToken(LETTER,'a',8,186)
LexToken(LETTER,'a',8,187)
LexToken(LETTER,'a',8,188)
LexToken(LETTER,'a',8,189)
LexToken(LETTER,'a',8,190)
LexToken(LETTER,'a',8,191)
LexToken(LETTER,'a',8,192)
LexToken(LETTER,'a',8,193)
LexToken(LETTER,'a',8,194)
LexToken(LETTER,'a',8,195)
LexToken(LETTER,'a',8,196)
LexToken(LETTER,'a',8,197)
LexToken(LETTER,'a',8,198)
LexToken(LETTER,'a',8,199)
LexToken(LETTER,'a',8,200)
LexToken(LETTER,'a',8,201)
LexToken(LETTER,'a',8,202)
LexToken(LETTER,'a',8,203)
LexToken(LETTER,'a',8,204)
LexToken(LETTER,'a',8,205)
LexToken(LETTER,'a',8,206)
LexToken(LETTER,'a',8,207)
LexToken(LETTER,'a',8,208)
LexToken(LETTER,'a',8,209)
LexToken(LETTER,'a',8,210)
LexToken(LETTER,'a',8,211)
LexToken(LETTER,'a',8,212)
LexToken(LETTER,'a',8,213)
LexToken(LETTER,'a',8,214)
LexToken(LETTER,'a',8,215)
LexToken(LETTER,'a',8,216)
LexToken(LETTER,'a',8,217)
LexToken(LETTER,'a',8,218)
LexToken(LETTER,'a',8,219)
LexToken(LETTER,'a',8,220)
LexToken(LETTER,'a',8,221)
LexToken(LETTER,'a',8,222)
LexToken(LETTER,'a',9,224)
LexToken(LETTER,'a',9,225)
LexToken(LETTER,'a',9,226)
LexToken(LETTER,'a',9,227)
LexToken(LETTER,'a',9,228)
LexToken(LETTER,'a',9,229)
LexToken(LETTER,'a',9,230)
LexToken(LETTER,'a',9,231)
LexToken(LETTER,'a',9,232)
LexToken(LETTER,'a',9,233)
LexToken(LETTER,'a',9,234)
LexToken(LETTER,'a',9,235)
LexToken(LETTER,'a',9,236)
LexToken(LETTER,'a',9,237)
LexToken(LETTER,'a',9,238)
LexToken(LETTER,'a',9,239)
LexToken(LETTER,'a',9,240)
LexToken(LETTER,'a',9,241)
LexToken(LETTER,'a',9,242)
LexToken(LETTER,'a',9,243)
LexToken(LETTER,'a',9,244)
LexToken(LETTER,'a',9,245)
LexToken(LETTER,'a',9,246)
LexToken(LETTER,'a',9,247)
LexToken(LETTER,'a',9,248)
LexToken(LETTER,'a',9,249)
LexToken(LETTER,'a',9,250)
LexToken(LETTER,'a',9,251)
LexToken(LETTER,'a',9,252)
LexToken(LETTER,'a',9,253)
LexToken(LETTER,'a',9,254)
LexToken(LETTER,'a',9,255)
LexToken(LETTER,'a',9,256)
LexToken(LETTER,'a',9,257)
LexToken(LETTER,'a',9,258)
LexToken(LETTER,'a',9,259)
LexToken(LETTER,'a',9,260)
LexToken(LETTER,'a',9,261)
LexToken(LETTER,'a',9,262)
LexToken(LETTER,'a',9,263)
LexToken(LETTER,'a',9,264)
LexToken(LETTER,'a',9,265)
LexToken(LETTER,'a',9,266)
LexToken(LETTER,'a',9,267)
LexToken(LETTER,'a',9,268)
LexToken(LETTER,'a',9,269)
LexToken(LETTER,'a',9,270)
LexToken(LETTER,'a',9,271)
LexToken(LETTER,'a',9,272)
LexToken(LETTER,'a',9,273)
LexToken(LETTER,'a',9,274)
LexToken(LETTER,'a',9,275)
LexToken(LETTER,'a',9,276)
LexToken(LETTER,'a',9,277)
LexToken(LETTER,'a',9,278)
LexToken(LETTER,'a',9,279)
LexToken(LETTER,'a',9,280)
LexToken(LETTER,'a',9,281)
LexToken(LETTER,'a',9,282)
LexToken(LETTER,'a',9,283)
LexToken(LETTER,'a',9,284)
LexToken(LETTER,'a',9,285)
LexToken(LETTER,'a',9,286)
LexToken(LETTER,'a',9,287)
LexToken(LETTER,'a',9,288)
LexToken(LETTER,'a',9,289)
LexToken(LETTER,'a',9,290)
LexToken(LETTER,'a',9,291)
LexToken(LETTER,'a',9,292)
LexToken(LETTER,'a',9,293)
LexToken(LETTER,'a',10,295)
LexToken(LETTER,'a',10,296)
LexToken(LETTER,'a',10,297)
LexToken(LETTER,'a',10,298)
LexToken(LETTER,'a',10,299)
LexToken(LETTER,'a',10,300)
LexToken(LETTER,'a',10,301)
LexToken(LETTER,'a',10,302)
LexToken(LETTER,'a',10,303)
LexToken(LETTER,'a',10,304)
LexToken(LETTER,'a',10,305)
LexToken(LETTER,'a',10,306)
LexToken(LETTER,'a',10,307)
LexToken(LETTER,'a',10,308)
LexToken(LETTER,'a',10,309)
LexToken(LETTER,'a',10,310)
LexToken(LETTER,'a',10,311)
LexToken(LETTER,'a',10,312)
LexToken(LETTER,'a',10,313)
LexToken(LETTER,'a',10,314)
LexToken(LETTER,'a',10,315)
LexToken(LETTER,'a',10,316)
LexToken(LETTER,'a',10,317)
LexToken(LETTER,'a',10,318)
LexToken(LETTER,'a',10,319)
LexToken(LETTER,'a',10,320)
LexToken(LETTER,'a',10,321)
LexToken(LETTER,'a',10,322)
LexToken(LETTER,'a',10,323)
LexToken(LETTER,'a',10,324)
LexToken(LETTER,'a',10,325)
LexToken(LETTER,'a',10,326)
LexToken(LETTER,'a',10,327)
LexToken(LETTER,'a',10,328)
LexToken(LETTER,'a',10,329)
LexToken(LETTER,'a',10,330)
LexToken(LETTER,'a',10,331)
LexToken(LETTER,'a',10,332)
LexToken(LETTER,'a',10,333)
LexToken(LETTER,'a',10,334)
LexToken(LETTER,'a',10,335)
LexToken(LETTER,'a',10,336)
LexToken(LETTER,'a',10,337)
LexToken(LETTER,'a',10,338)
LexToken(LETTER,'a',10,339)
LexToken(LETTER,'a',10,340)
LexToken(LETTER,'a',10,341)
LexToken(LETTER,'a',10,342)
LexToken(LETTER,'a',10,343)
LexToken(LETTER,'a',10,344)
LexToken(LETTER,'a',10,345)
LexToken(LETTER,'a',10,346)
LexToken(LETTER,'a',10,347)
LexToken(LETTER,'a',10,348)
LexToken(LETTER,'a',10,349)
LexToken(LETTER,'a',10,350)
LexToken(LETTER,'a',10,351)
LexToken(LETTER,'a',10,352)
LexToken(LETTER,'a',10,353)
LexToken(LETTER,'a',10,354)
LexToken(LETTER,'a',10,355)
LexToken(LETTER,'a',10,356)
LexToken(LETTER,'a',10,357)
LexToken(LETTER,'a',10,358)
LexToken(LETTER,'a',10,359)
LexToken(LETTER,'a',10,360)
LexToken(LETTER,'a',10,361)
LexToken(LETTER,'a',10,362)
LexToken(LETTER,'a',10,363)
LexToken(LETTER,'a',10,364)
LexToken(LETTER,'a',10,365)
LexToken(LETTER,'a',10,366)
LexToken(LETTER,'a',10,367)
LexToken(LETTER,'a',10,368)
LexToken(LETTER,'a',10,369)
LexToken(LETTER,'a',10,370)
LexToken(LETTER,'a',10,371)
LexToken(LETTER,'a',10,372)
LexToken(LETTER,'a',10,373)
LexToken(LETTER,'a',10,374)
LexToken(LETTER,'a',11,376)
LexToken(LETTER,'a',11,377)
LexToken(LETTER,'a',11,378)
LexToken(LETTER,'a',11,379)
LexToken(LETTER,'a',11,380)
LexToken(LETTER,'a',11,381)
LexToken(LETTER,'a',11,382)
LexToken(LETTER,'a',11,383)
LexToken(LETTER,'a',11,384)
LexToken(LETTER,'a',11,385)
LexToken(LETTER,'a',11,386)
LexToken(LETTER,'a',11,387)
LexToken(LETTER,'a',11,388)
LexToken(LETTER,'a',11,389)
LexToken(LETTER,'a',11,390)
LexToken(LETTER,'a',11,391)
LexToken(LETTER,'a',11,392)
LexToken(LETTER,'a',11,393)
LexToken(LETTER,'a',11,394)
LexToken(LETTER,'a',11,395)
LexToken(LETTER,'a',11,396)
LexToken(LETTER,'a',11,397)
LexToken(LETTER,'a',11,398)
LexToken(LETTER,'a',11,399)
LexToken(LETTER,'a',11,400)
LexToken(LETTER,'a',11,401)
LexToken(LETTER,'a',11,402)
LexToken(LETTER,'a',11,403)
LexToken(LETTER,'a',11,404)
LexToken(LETTER,'a',11,405)
LexToken(LETTER,'a',11,406)
LexToken(LETTER,'a',11,407)
LexToken(LETTER,'a',11,408)
LexToken(LETTER,'a',11,409)
LexToken(LETTER,'a',11,410)
LexToken(LETTER,'a',11,411)
LexToken(LETTER,'a',11,412)
LexToken(LETTER,'a',11,413)
LexToken(LETTER,'a',11,414)
LexToken(LETTER,'a',11,415)
LexToken(LETTER,'a',11,416)
LexToken(LETTER,'a',11,417)
LexToken(LETTER,'a',11,418)
LexToken(LETTER,'a',11,419)
LexToken(LETTER,'a',11,420)
LexToken(LETTER,'a',11,421)
LexToken(LETTER,'a',11,422)
LexToken(LETTER,'a',11,423)
LexToken(LETTER,'a',11,424)
LexToken(LETTER,'a',11,425)
LexToken(LETTER,'a',11,426)
LexToken(LETTER,'a',11,427)
LexToken(LETTER,'a',11,428)
LexToken(LETTER,'a',11,429)
LexToken(LETTER,'a',11,430)
LexToken(LETTER,'a',11,431)
LexToken(LETTER,'a',11,432)
LexToken(LETTER,'a',11,433)
LexToken(LETTER,'a',11,434)
LexToken(LETTER,'a',11,435)
LexToken(LETTER,'a',11,436)
LexToken(LETTER,'a',11,437)
LexToken(LETTER,'a',11,438)
LexToken(LETTER,'a',11,439)
LexToken(LETTER,'a',11,440)
LexToken(LETTER,'a',11,441)
LexToken(LETTER,'a',11,442)
LexToken(LETTER,'a',11,443)
LexToken(LETTER,'a',11,444)
LexToken(LETTER,'a',11,445)
LexToken(LETTER,'a',11,446)
LexToken(LETTER,'a',11,447)
LexToken(LETTER,'a',11,448)
LexToken(LETTER,'a',11,449)
LexToken(LETTER,'a',11,450)
LexToken(LETTER,'a',11,451)
LexToken(LETTER,'a',11,452)
LexToken(LETTER,'a',11,453)
LexToken(LETTER,'a',11,454)
LexToken(LETTER,'a',11,455)
LexToken(LETTER,'a',11,456)
LexToken(LETTER,'a',11,457)
LexToken(LETTER,'a',11,458)
LexToken(LETTER,'a',11,459)
LexToken(LETTER,'a',11,460)
LexToken(LETTER,'a',11,461)
LexToken(LETTER,'a',11,462)
LexToken(LETTER,'a',11,463)
LexToken(LETTER,'a',11,464)
LexToken(LETTER,'a',11,465)
LexToken(LETTER,'a',12,467)
LexToken(LETTER,'a',12,468)
LexToken(LETTER,'a',12,469)
LexToken(LETTER,'a',12,470)
LexToken(LETTER,'a',12,471)
LexToken(LETTER,'a',12,472)
LexToken(LETTER,'a',12,473)
LexToken(LETTER,'a',12,474)
LexToken(LETTER,'a',12,475)
LexToken(LETTER,'a',12,476)
LexToken(LETTER,'a',12,477)
LexToken(LETTER,'a',12,478)
LexToken(LETTER,'a',12,479)
LexToken(LETTER,'a',12,480)
LexToken(LETTER,'a',12,481)
LexToken(LETTER,'a',12,482)
LexToken(LETTER,'a',12,483)
LexToken(LETTER,'a',12,484)
LexToken(LETTER,'a',12,485)
LexToken(LETTER,'a',12,486)
LexToken(LETTER,'a',12,487)
LexToken(LETTER,'a',12,488)
LexToken(LETTER,'a',12,489)
LexToken(LETTER,'a',12,490)
LexToken(LETTER,'a',12,491)
LexToken(LETTER,'a',12,492)
LexToken(LETTER,'a',12,493)
LexToken(LETTER,'a',12,494)
LexToken(LETTER,'a',12,495)
LexToken(LETTER,'a',12,496)
LexToken(LETTER,'a',12,497)
LexToken(LETTER,'a',12,498)
LexToken(LETTER,'a',12,499)
LexToken(LETTER,'a',12,500)
LexToken(LETTER,'a',12,501)
LexToken(LETTER,'a',12,502)
LexToken(LETTER,'a',12,503)
LexToken(LETTER,'a',12,504)
LexToken(LETTER,'a',12,505)
LexToken(LETTER,'a',12,506)
LexToken(LETTER,'a',12,507)
LexToken(LETTER,'a',12,508)
LexToken(LETTER,'a',12,509)
LexToken(LETTER,'a',12,510)
LexToken(LETTER,'a',12,511)
LexToken(LETTER,'a',12,512)
LexToken(LETTER,'a',12,513)
LexToken(LETTER,'a',12,514)
LexToken(LETTER,'a',12,515)
LexToken(LETTER,'a',12,516)
LexToken(LETTER,'a',12,517)
LexToken(LETTER,'a',12,518)
LexToken(LETTER,'a',12,519)
LexToken(LETTER,'a',12,520)
LexToken(LETTER,'a',12,521)
LexToken(LETTER,'a',12,522)
LexToken(LETTER,'a',12,523)
LexToken(LETTER,'a',12,524)
LexToken(LETTER,'a',12,525)
LexToken(LETTER,'a',12,526)
LexToken(LETTER,'a',12,527)
LexToken(LETTER,'a',12,528)
LexToken(LETTER,'a',12,529)
LexToken(LETTER,'a',12,530)
LexToken(LETTER,'a',12,531)
LexToken(LETTER,'a',12,532)
LexToken(LETTER,'a',12,533)
LexToken(LETTER,'a',12,534)
LexToken(LETTER,'a',12,535)
LexToken(LETTER,'a',12,536)
LexToken(LETTER,'a',12,537)
LexToken(LETTER,'a',12,538)
LexToken(LETTER,'a',12,539)
LexToken(LETTER,'a',12,540)
LexToken(LETTER,'a',12,541)
LexToken(LETTER,'a',12,542)
LexToken(LETTER,'a',12,543)
LexToken(LETTER,'a',12,544)
LexToken(LETTER,'a',12,545)
LexToken(LETTER,'a',12,546)
LexToken(LETTER,'a',12,547)
LexToken(LETTER,'a',12,548)
LexToken(LETTER,'a',12,549)
LexToken(LETTER,'a',12,550)
LexToken(LETTER,'a',12,551)
LexToken(LETTER,'a',12,552)
LexToken(LETTER,'a',12,553)
LexToken(LETTER,'a',12,554)
LexToken(LETTER,'a',12,555)
LexToken(LETTER,'a',12,556)
LexToken(LETTER,'a',12,557)
LexToken(LETTER,'a',12,558)
LexToken(LETTER,'a',12,559)
LexToken(LETTER,'a',12,560)
LexToken(LETTER,'a',12,561)
LexToken(LETTER,'a',12,562)
LexToken(LETTER,'a',12,563)
LexToken(LETTER,'a',12,564)
LexToken(LETTER,'a',12,565)
LexToken(LETTER,'a',12,566)
