> Word: 'abab' --> 0.00022411346435546875 seconds 

Incorrect, word doesn't belong to language

