> Word: 'a' --> 7.772445678710938e-05 seconds 

Correct, word belongs to language

> Word: 'aaaaa' --> 0.00011014938354492188 seconds 

Correct, word belongs to language

> Word: 'aaaaaaaaaa' --> 0.00014090538024902344 seconds 

Correct, word belongs to language

> Word: 'aaaaaaaaaaaaaaaaaaaa' --> 0.0002460479736328125 seconds 

Correct, word belongs to language

> Word: 'aaaaaaaaaaaaaaaaaaaaaaaaaaaaaa' --> 0.0003409385681152344 seconds 

Correct, word belongs to language

> Word: 'aaaaaaaaaaaaaaaaaaaaaaaaaaaaaaaaaaaaaaaa' --> 0.0003838539123535156 seconds 

Correct, word belongs to language

> Word: 'aaaaaaaaaaaaaaaaaaaaaaaaaaaaaaaaaaaaaaaaaaaaaaaaaa' --> 0.0004680156707763672 seconds 

Correct, word belongs to language

> Word: 'aaaaaaaaaaaaaaaaaaaaaaaaaaaaaaaaaaaaaaaaaaaaaaaaaaaaaaaaaaaa' --> 0.0005559921264648438 seconds 

Correct, word belongs to language

> Word: 'aaaaaaaaaaaaaaaaaaaaaaaaaaaaaaaaaaaaaaaaaaaaaaaaaaaaaaaaaaaaaaaaaaaaaa' --> 0.0006518363952636719 seconds 

Correct, word belongs to language

> Word: 'aaaaaaaaaaaaaaaaaaaaaaaaaaaaaaaaaaaaaaaaaaaaaaaaaaaaaaaaaaaaaaaaaaaaaaaaaaaaaaaa' --> 0.0007410049438476562 seconds 

Correct, word belongs to language

> Word: 'aaaaaaaaaaaaaaaaaaaaaaaaaaaaaaaaaaaaaaaaaaaaaaaaaaaaaaaaaaaaaaaaaaaaaaaaaaaaaaaaaaaaaaaaaa' --> 0.0013880729675292969 seconds 

Correct, word belongs to language

> Word: 'aaaaaaaaaaaaaaaaaaaaaaaaaaaaaaaaaaaaaaaaaaaaaaaaaaaaaaaaaaaaaaaaaaaaaaaaaaaaaaaaaaaaaaaaaaaaaaaaaaaa' --> 0.00177001953125 seconds 

Correct, word belongs to language

